2026-07-30 21:09:18 | [inser_user] | INFO | SUCCESS: add_user_service returned None
2026-07-30 21:11:37 | [Fetch_user] | INFO | SUCCESS: fetch_user_data returned [<app.models.users.Users object at 0x10a44c190>, <app.models.users.Users object at 0x10a44c690>]
2026-07-30 21:29:52 | [USERS] | ERROR | FAILED: fetch_user_by_id - Error: 'NoneType' object is not subscriptable
Traceback (most recent call last):
  File "/Users/muhammadzaryabkhan/Desktop/inventory_management_system_python/app/utils/logger/custom_logger.py", line 30, in wrapper
    result = funct(*args, **kwargs)
  File "/Users/muhammadzaryabkhan/Desktop/inventory_management_system_python/app/services/user_service/UserService.py", line 63, in fetch_user_by_id
    raise e
  File "/Users/muhammadzaryabkhan/Desktop/inventory_management_system_python/app/services/user_service/UserService.py", line 52, in fetch_user_by_id
    users = self.user_repository.fetch_user_by_id(user_id)
  File "/Users/muhammadzaryabkhan/Desktop/inventory_management_system_python/app/repositories/user_reopsitory/User_Repository.py", line 92, in fetch_user_by_id
    user_id=user_by_id["user_id"],
            ~~~~~~~~~~^^^^^^^^^^^
TypeError: 'NoneType' object is not subscriptable
2026-07-30 21:36:15 | [USERS] | INFO | SUCCESS: fetch_user_by_id returned None
2026-07-30 21:38:05 | [USERS] | INFO | SUCCESS: fetch_user_by_id returned None
2026-07-30 21:51:30 | [USERS] | ERROR | FAILED: fetch_user_by_id - Error: 'NoneType' object is not subscriptable
Traceback (most recent call last):
  File "/Users/muhammadzaryabkhan/Desktop/inventory_management_system_python/app/utils/logger/custom_logger.py", line 30, in wrapper
    result = funct(*args, **kwargs)
  File "/Users/muhammadzaryabkhan/Desktop/inventory_management_system_python/app/services/user_service/UserService.py", line 68, in fetch_user_by_id
    raise e
  File "/Users/muhammadzaryabkhan/Desktop/inventory_management_system_python/app/services/user_service/UserService.py", line 52, in fetch_user_by_id
    users = self.user_repository.fetch_user_by_id(user_id)
  File "/Users/muhammadzaryabkhan/Desktop/inventory_management_system_python/app/repositories/user_reopsitory/User_Repository.py", line 94, in fetch_user_by_id
    user_id=user_by_id["user_id"],
            ~~~~~~~~~~^^^^^^^^^^^
TypeError: 'NoneType' object is not subscriptable
2026-07-30 21:53:06 | [USERS] | ERROR | FAILED: fetch_user_by_id - Error: 'NoneType' object is not subscriptable
Traceback (most recent call last):
  File "/Users/muhammadzaryabkhan/Desktop/inventory_management_system_python/app/utils/logger/custom_logger.py", line 30, in wrapper
    result = funct(*args, **kwargs)
  File "/Users/muhammadzaryabkhan/Desktop/inventory_management_system_python/app/services/user_service/UserService.py", line 68, in fetch_user_by_id
    raise e
  File "/Users/muhammadzaryabkhan/Desktop/inventory_management_system_python/app/services/user_service/UserService.py", line 52, in fetch_user_by_id
    users = self.user_repository.fetch_user_by_id(user_id)
  File "/Users/muhammadzaryabkhan/Desktop/inventory_management_system_python/app/repositories/user_reopsitory/User_Repository.py", line 94, in fetch_user_by_id
    user_id=user_by_id["user_id"],
            ~~~~~~~~~~^^^^^^^^^^^
TypeError: 'NoneType' object is not subscriptable
2026-07-30 21:53:56 | [USERS] | INFO | SUCCESS: fetch_user_by_id returned None
2026-08-06 21:06:45 | [Category] | INFO | SUCCESS: show_category returned [<app.models.category.Category object at 0x10a15bb60>]
2026-08-06 21:07:47 | [Category] | INFO | SUCCESS: show_category returned [<app.models.category.Category object at 0x10a404190>]
2026-08-06 21:08:01 | [Category] | INFO | SUCCESS: show_category returned [<app.models.category.Category object at 0x107e8bb60>]
2026-08-07 18:45:42 | [Category] | ERROR | FAILED: show_category_by_id - Error: CategoryRepository.show_category() takes 1 positional argument but 2 were given
Traceback (most recent call last):
  File "/Users/muhammadzaryabkhan/Desktop/inventory_management_system_python/app/utils/logger/custom_logger.py", line 30, in wrapper
    result = funct(*args, **kwargs)
  File "/Users/muhammadzaryabkhan/Desktop/inventory_management_system_python/app/services/category_service/Category_Service.py", line 38, in show_category_by_id
    category_by_id = self.repository.show_category(category_id)
TypeError: CategoryRepository.show_category() takes 1 positional argument but 2 were given
2026-08-07 18:46:36 | [Category] | INFO | SUCCESS: show_category returned [<app.models.category.Category object at 0x106533b60>]
2026-08-07 18:46:41 | [Category] | ERROR | FAILED: show_category_by_id - Error: CategoryRepository.show_category() takes 1 positional argument but 2 were given
Traceback (most recent call last):
  File "/Users/muhammadzaryabkhan/Desktop/inventory_management_system_python/app/utils/logger/custom_logger.py", line 30, in wrapper
    result = funct(*args, **kwargs)
  File "/Users/muhammadzaryabkhan/Desktop/inventory_management_system_python/app/services/category_service/Category_Service.py", line 38, in show_category_by_id
    category_by_id = self.repository.show_category(category_id)
TypeError: CategoryRepository.show_category() takes 1 positional argument but 2 were given
2026-08-07 18:48:05 | [Category] | ERROR | FAILED: show_category_by_id - Error: CategoryRepository.show_category() takes 1 positional argument but 2 were given
Traceback (most recent call last):
  File "/Users/muhammadzaryabkhan/Desktop/inventory_management_system_python/app/utils/logger/custom_logger.py", line 30, in wrapper
    result = funct(*args, **kwargs)
  File "/Users/muhammadzaryabkhan/Desktop/inventory_management_system_python/app/services/category_service/Category_Service.py", line 38, in show_category_by_id
    category_by_id = self.repository.show_category(category_id)
TypeError: CategoryRepository.show_category() takes 1 positional argument but 2 were given
2026-08-07 18:52:09 | [Category] | ERROR | FAILED: show_category_by_id - Error: CategoryRepository.show_category() takes 1 positional argument but 2 were given
Traceback (most recent call last):
  File "/Users/muhammadzaryabkhan/Desktop/inventory_management_system_python/app/utils/logger/custom_logger.py", line 30, in wrapper
    result = funct(*args, **kwargs)
  File "/Users/muhammadzaryabkhan/Desktop/inventory_management_system_python/app/services/category_service/Category_Service.py", line 38, in show_category_by_id
    category_by_id = self.repository.show_category(category_id)
TypeError: CategoryRepository.show_category() takes 1 positional argument but 2 were given
2026-08-07 18:53:15 | [Category] | ERROR | FAILED: show_category_by_id - Error: Could not process parameters: str(1), it must be of type list, tuple or dict
Traceback (most recent call last):
  File "/Users/muhammadzaryabkhan/Desktop/inventory_management_system_python/app/utils/logger/custom_logger.py", line 30, in wrapper
    result = funct(*args, **kwargs)
  File "/Users/muhammadzaryabkhan/Desktop/inventory_management_system_python/app/services/category_service/Category_Service.py", line 38, in show_category_by_id
    category_by_id = self.repository.category_by_id(category_id)
  File "/Users/muhammadzaryabkhan/Desktop/inventory_management_system_python/app/repositories/category_repository/category_repository.py", line 101, in category_by_id
    cursor.execute(fetch_query,(category_id),)
    ~~~~~~~~~~~~~~^^^^^^^^^^^^^^^^^^^^^^^^^^^^
  File "/Users/muhammadzaryabkhan/Desktop/inventory_management_system_python/myenv/lib/python3.13/site-packages/mysql/connector/cursor_cext.py", line 328, in execute
    prepared = self._connection.prepare_for_mysql(params)
  File "/Users/muhammadzaryabkhan/Desktop/inventory_management_system_python/myenv/lib/python3.13/site-packages/mysql/connector/connection_cext.py", line 957, in prepare_for_mysql
    raise ProgrammingError(
    ...<2 lines>...
    )
mysql.connector.errors.ProgrammingError: Could not process parameters: str(1), it must be of type list, tuple or dict
2026-08-07 18:54:41 | [Category] | INFO | SUCCESS: show_category_by_id returned [<app.models.category.Category object at 0x1086b7b60>]
2026-08-07 18:58:38 | [Category] | INFO | SUCCESS: show_category_by_id returned <app.models.category.Category object at 0x106177b60>
2026-08-07 18:59:04 | [Category] | ERROR | FAILED: update_category - Error: Not enough parameters for the SQL statement
Traceback (most recent call last):
  File "/Users/muhammadzaryabkhan/Desktop/inventory_management_system_python/app/utils/logger/custom_logger.py", line 30, in wrapper
    result = funct(*args, **kwargs)
  File "/Users/muhammadzaryabkhan/Desktop/inventory_management_system_python/app/services/category_service/Category_Service.py", line 51, in update_category
    category_data = self.repository.update_category(category_data,category_id)
  File "/Users/muhammadzaryabkhan/Desktop/inventory_management_system_python/app/repositories/category_repository/category_repository.py", line 150, in update_category
    cursor.execute(update_query,update_data)
    ~~~~~~~~~~~~~~^^^^^^^^^^^^^^^^^^^^^^^^^^
  File "/Users/muhammadzaryabkhan/Desktop/inventory_management_system_python/myenv/lib/python3.13/site-packages/mysql/connector/cursor_cext.py", line 333, in execute
    stmt = RE_PY_PARAM.sub(psub, stmt)
  File "/Users/muhammadzaryabkhan/Desktop/inventory_management_system_python/myenv/lib/python3.13/site-packages/mysql/connector/cursor_cext.py", line 113, in __call__
    raise ProgrammingError(
        "Not enough parameters for the SQL statement"
    ) from None
mysql.connector.errors.ProgrammingError: Not enough parameters for the SQL statement
2026-08-07 19:01:21 | [Category] | INFO | SUCCESS: show_category_by_id returned <app.models.category.Category object at 0x108497b60>
2026-08-07 19:01:36 | [Category] | INFO | SUCCESS: update_category returned True
2026-08-07 19:05:02 | [Category] | INFO | SUCCESS: show_category_by_id returned <app.models.category.Category object at 0x109bc7b60>
2026-08-07 19:05:11 | [Category] | INFO | SUCCESS: update_category returned True
2026-08-07 20:04:22 | [Category] | ERROR | FAILED: delete_category - Error: 1064 (42000): You have an error in your SQL syntax; check the manual that corresponds to your MySQL server version for the right syntax to use near 'Dlete FROM category WHERE category_id = '1'' at line 1
Traceback (most recent call last):
  File "/Users/muhammadzaryabkhan/Desktop/inventory_management_system_python/myenv/lib/python3.13/site-packages/mysql/connector/connection_cext.py", line 772, in cmd_query
    self._cmysql.query(
    ~~~~~~~~~~~~~~~~~~^
        query,
        ^^^^^^
    ...<3 lines>...
        query_attrs=self.query_attrs,
        ^^^^^^^^^^^^^^^^^^^^^^^^^^^^^
    )
    ^
_mysql_connector.MySQLInterfaceError: You have an error in your SQL syntax; check the manual that corresponds to your MySQL server version for the right syntax to use near 'Dlete FROM category WHERE category_id = '1'' at line 1

The above exception was the direct cause of the following exception:

Traceback (most recent call last):
  File "/Users/muhammadzaryabkhan/Desktop/inventory_management_system_python/app/utils/logger/custom_logger.py", line 30, in wrapper
    result = funct(*args, **kwargs)
  File "/Users/muhammadzaryabkhan/Desktop/inventory_management_system_python/app/services/category_service/Category_Service.py", line 87, in delete_category
    raise e
  File "/Users/muhammadzaryabkhan/Desktop/inventory_management_system_python/app/services/category_service/Category_Service.py", line 77, in delete_category
    delete_category = self.repository.delete_category(category_id)
  File "/Users/muhammadzaryabkhan/Desktop/inventory_management_system_python/app/repositories/category_repository/category_repository.py", line 186, in delete_category
    cursor.execute(delete_query,value)
    ~~~~~~~~~~~~~~^^^^^^^^^^^^^^^^^^^^
  File "/Users/muhammadzaryabkhan/Desktop/inventory_management_system_python/myenv/lib/python3.13/site-packages/mysql/connector/cursor_cext.py", line 353, in execute
    self._connection.cmd_query(
    ~~~~~~~~~~~~~~~~~~~~~~~~~~^
        self._stmt_partition["mappable_stmt"],
        ^^^^^^^^^^^^^^^^^^^^^^^^^^^^^^^^^^^^^^
    ...<2 lines>...
        raw_as_string=self._raw_as_string,
        ^^^^^^^^^^^^^^^^^^^^^^^^^^^^^^^^^^
    )
    ^
  File "/Users/muhammadzaryabkhan/Desktop/inventory_management_system_python/myenv/lib/python3.13/site-packages/mysql/connector/opentelemetry/context_propagation.py", line 97, in wrapper
    return method(cnx, *args, **kwargs)
  File "/Users/muhammadzaryabkhan/Desktop/inventory_management_system_python/myenv/lib/python3.13/site-packages/mysql/connector/connection_cext.py", line 781, in cmd_query
    raise get_mysql_exception(
        err.errno, msg=err.msg, sqlstate=err.sqlstate
    ) from err
mysql.connector.errors.ProgrammingError: 1064 (42000): You have an error in your SQL syntax; check the manual that corresponds to your MySQL server version for the right syntax to use near 'Dlete FROM category WHERE category_id = '1'' at line 1
2026-08-07 20:04:59 | [Category] | INFO | SUCCESS: delete_category returned True
2026-08-07 20:08:56 | [Category] | INFO | SUCCESS: delete_category returned True
2026-08-07 20:09:05 | [Category] | INFO | SUCCESS: show_category returned []
2026-08-09 22:10:42 | [Category] | INFO | SUCCESS: search_category returned []
2026-08-09 22:10:52 | [Category] | INFO | SUCCESS: search_category returned []
2026-08-09 22:11:09 | [Category] | INFO | SUCCESS: search_category returned <app.models.category.Category object at 0x1082682d0>
2026-08-09 22:12:13 | [Category] | INFO | SUCCESS: search_category returned <app.models.category.Category object at 0x10a347b60>
2026-08-09 22:12:49 | [Category] | INFO | SUCCESS: search_category returned <app.models.category.Category object at 0x1065d7b60>
2026-08-09 22:14:05 | [Category] | INFO | SUCCESS: search_category returned <app.models.category.Category object at 0x105ebbb60>
